sizeofs:6,8
*C___: 0,6,12,20<24*
*Carr: 0,6,12,20<24*
*C__w: 0,6,12,20<24*
*Cp1_: 4,6,12,20<24*
*Cp2_: 0,6,12,20<24*
*Cint: 0,8,12,20<24*
*C4__: 0,8,12,20<24*
*C4_2: 0,6,10,16<20*
*C__z: 0,8,16,24<28*
