Heap size before allocation: 16777216
Ptr: 1, value: 16843009, Heap size now: 101777408 (increase: 85000192 bytes)