i32: 120
i32: 1234
i64: 0x12345678 number
ptr: 0x12345678 number
