PTRDIFF_MIN: -2147483648
PTRDIFF_MAX: 2147483647
INTPTR_MIN: -2147483648
INTPTR_MAX: 2147483647
UINTPTR_MAX: 4294967295
SIZE_MAX: 4294967295
