rtn     : 0
errno   : 0
strerror: No error information
