rtn     : 0
errno   : 5
strerror: Address family not supported by protocol
