readlink(link)
errno: 0

readlink(file)
errno: 28
not a link

readlink(folder)
errno: 28
not a link

symlink/overwrite
ret: -1
errno: 20

symlink/normal
ret: 0
errno: 0
readlink(created link)
errno: 0

readlink(short buffer)
ret: 4
errno: 0
