\0\0\0\0\0\0\0\0\0\0Test with a backend file created under root
