start
test:
vector<int64_t>
pass
pass
pass
pass
pass
pass
test:
vector<int64_t> Cannot convert number to int64_t
pass
test:
vector<int64_t> Cannot convert bigint that is too big
pass
test:
vector<uint64_t>
pass
pass
pass
pass
pass
pass
test:
vector<uint64_t> Cannot convert number to uint64_t
pass
test:
vector<uint64_t> Cannot convert bigint that is too big
pass
test:
vector<uint64_t> Cannot convert bigint that is negative
pass
end
