Testing async proxying
Testing sync proxying
Testing sync proxying
done
